Options: C:\ProgramData\GameMakerStudio2\Cache\runtimes\runtime-2024.14.3.260\bin\platform_setting_defaults.json
Options: C:\Users\Deposito\AppData\Roaming\GameMakerStudio2\divididoshastalaspelotas_4974629\local_settings.json
Setting up the Asset compiler
Found Project Format 2
+++ GMSC serialisation:  SUCCESSFUL LOAD AND LINK TIME: 676.6486ms
Success
finished adding assets from H:/Temp/Deposito/devlab-asset-bridge-01-gm-critic-resolution-20260805-1945/projects/pilot-a/AssetBridgePilot.yyp.
Release build
Options: H:\Temp\Deposito\devlab-asset-bridge-01-gm-critic-resolution-20260805-1945\projects\.evidence\transactions\bridge-postrollback\verification/cache\ExtensionOptions.json
OptionsIni
Options: H:\Temp\Deposito\devlab-asset-bridge-01-gm-critic-resolution-20260805-1945\projects\.evidence\transactions\bridge-postrollback\verification/cache\PlatformOptions.json
[Compile] Run asset compiler
Looking for built-in fallback image in C:\ProgramData\GameMakerStudio2\Cache\runtimes\runtime-2024.14.3.260\bin\BuiltinImages
Compile Constants...finished.
Remove DnD...finished.
Compile Scripts...finished.
Compile Rooms...finished..... 0 CC empty
finished..... 0 CC empty
Compile Objects...finished.... 0 empty events
Compile Timelines...finished.
Compile Triggers...finished.
Compile Extensions...Compile UI Layers...finished.
Global scripts...finished.
collapsing enums.
Final Compile...Final Compile finished.
Saving IFF file... H:\Temp\Deposito\devlab-asset-bridge-01-gm-critic-resolution-20260805-1945\projects\.evidence\transactions\bridge-postrollback\verification\output\AssetBridgePilot\AssetBridgePilot.win
Writing Chunk... GEN8 size ... -0.00 MB
option_game_speed=60
Writing Chunk... OPTN size ... 0.00 MB
Writing Chunk... LANG size ... 0.00 MB
Writing Chunk... EXTN size ... 0.00 MB
Writing Chunk... SOND size ... 0.00 MB
Writing Chunk... AGRP size ... 0.00 MB
Writing Chunk... SPRT size ... 0.00 MB
Writing Chunk... BGND size ... 0.00 MB
Writing Chunk... PATH size ... 0.00 MB
Writing Chunk... SCPT size ... 0.00 MB
Writing Chunk... GLOB size ... 0.00 MB
Writing Chunk... SHDR size ... 0.00 MB
Writing Chunk... FONT size ... 0.00 MB
Writing Chunk... TMLN size ... 0.00 MB
Writing Chunk... OBJT size ... 0.00 MB
Writing Chunk... FEDS size ... 0.00 MB
Writing Chunk... ACRV size ... 0.00 MB
Writing Chunk... SEQN size ... 0.00 MB
Writing Chunk... TAGS size ... 0.00 MB
Writing Chunk... ROOM size ... 0.00 MB
Writing Chunk... UILR size ... 0.00 MB
Writing Chunk... DAFL size ... 0.00 MB
Writing Chunk... EMBI size ... 0.00 MB
Writing Chunk... PSEM size ... 0.00 MB
Writing Chunk... PSYS size ... 0.00 MB
Writing Chunk... TPAGE size ... 0.00 MB
Texture Group - __YY__0fallbacktexture.png_YYG_AUTO_GEN_TEX_GROUP_NAME_
Writing Chunk... TGIN size ... 0.00 MB
Writing Chunk... CODE size ... 0.00 MB
Writing Chunk... VARI size ... 0.00 MB
Writing Chunk... FUNC size ... 0.00 MB
Writing Chunk... FEAT size ... 0.00 MB
Writing Chunk... STRG size ... 0.00 MB
Writing Chunk... TXTR size ... 0.00 MB
0 Compressing texture... writing texture __yy__0fallbacktexture.png_yyg_auto_gen_tex_group_name__0.yytex...
Writing Chunk... AUDO size ... 0.00 MB
Writing Chunk... SCPT size ... -0.00 MB
Writing Chunk... DBGI size ... 0.00 MB
Writing Chunk... INST size ... 0.00 MB
Writing Chunk... LOCL size ... 0.00 MB
Writing Chunk... DFNC size ... 0.00 MB
Writing Chunk... STRG size ... 0.00 MB
Stats : GMA : Elapsed=228.8954
Stats : GMA : sp=0,au=0,bk=0,pt=0,sc=0,sh=0,fo=0,tl=0,ob=1,ro=1,da=0,ex=0,ma=6,fm=0x800048844010
Igor complete.
[Run] Run game

***************************************
 *     GameMaker v2024.14.3.260    *
***************************************
Setting scheduler resolution to 1
Set process priority to HIGH_PRIORITY_CLASS
Set main thread priority to HIGHEST
!!! Couldn't set process power settings
Registered with MMCSS 'Games' task
Set MMCSS thread priority to CRITICAL
Reading File H:\Temp\Deposito\devlab-asset-bridge-01-gm-critic-resolution-20260805-1945\projects\.evidence\transactions\bridge-postrollback\verification\output\AssetBridgePilot\AssetBridgePilot.win took 1 ms
DirectX11: Using hardware device
DXGI_FEATURE_PRESENT_ALLOW_TEARING is supported - variable refresh rate displays will work correctly
Window overlaps with output 0 (\\.\DISPLAY1) by 93744 pixels
Restricting swap chain to output: \\.\DISPLAY1 (HMONITOR: 0x000000000B480449)
Creating swap chain at 320 by 240
Using IDXGIFactory2::CreateSwapChainForHwnd (modern API for windowed mode)
Set swap chain maximum frame latency to 1
Setting viewport to 320 by 240

Resizing swap chain to 320 by 240...
Setting viewport to 320 by 240

Collision Event time(microsecs)=2
Variable_Global_Init()
PrepareGame()
Audio_Init()
Audio group 0 -> Loaded
Attempting to set gamepadcount to 12
Game_Prepare()
Script_Prepare()
TimeLine_Prepare()
Object_Prepare()
Room_Prepare()
Finished PrepareGame()
Run_Start
Done g_EffectsManager.Init()
Done RenderStateManager
CreateColPairs took 0.000000s 0 usecs for 2 object types obj_col_numb=0 physobjcount=0 resizes 0 final size 0
Done ObjectLists
Done Extension_Initialize
About to startroom
GM_ASSET_BRIDGE_BEACON_VERSION=0
GM_ASSET_BRIDGE_BEACON_APPLIED=0
Total memory used = 10546468 (0x00a0ed24) bytes 10.06MB
Free memory = 6395352 (0x006195d8) bytes 6.10MB
Peak memory used = 11020628 (0x00a82954) bytes 10.51MB
**********************************.
Entering main loop.
**********************************.
GM_Size setting canvas width height to 320 by 240
Resizing swap chain to 320 by 240...
Setting viewport to 320 by 240

###game_end###0
Attempting to set gamepadcount to 0
Script_Free called with 0 and global 0
Unsetting previous scheduler resolution of 1


Igor complete.

--- STDERR ---
